#nutne upravovat hodnotu map_objects, podla toho kolko tu je objektov
#kazdy objekt saa vola "objekt_" a k tomu jeho poradove cislo, ktore je <= map_objects, nesmu sa vynechavat cisla
#objekty mozu byt typu : 
# wall    - stena, potrebuje 4 suradnice
# p_spawn - kde s spawne hrac - su to x1, a y1, ale x2 i y2 musia mat nejaku ciselnu hodnotu, bo osm bol liny pridat dalsi if xD
# e_spawn - task isto ako p_spawn akurat pre enemy, musi obsahovat premennu "enemy" s hodnotou ktora urci ci je to kacka s mecom abo vybusninou
# i_spawn - tak ako predtym, akurat pre itemy, polozka "item" urcuje o aky item ide

[Map]
map=1
map_objects=37

[Object_1]
type=p_spawn
x1=465
y1=1065
x2=0
y2=0

[Object_2]
type=wall
x1=595
y1=0
x2=1251
y2=999

[Object_3]
type=wall
x1=622
y1=800
x2=848
y2=1135

[Object_4]
type=wall
x1=1050
y1=1045
x2=1225
y2=1210

[Object_5]
type=wall
x1=144
y1=1488
x2=577
y2=1898

[Object_6]
type=wall
x1=0
y1=2081
x2=999
y2=2815

[Object_7]
type=wall
x1=1089
y1=2116
x2=1236
y2=2343

[Object_8]
type=wall
x1=1061
y1=2607
x2=1200
y2=2755

[Object_9]
type=wall
x1=3565
y1=0
x2=4221
y2=999

[Object_10]
type=wall
x1=4475
y1=72
x2=4875
y2=515

[Object_11]
type=wall
x1=3595
y1=800
x2=3821
y2=1136

[Object_12]
type=wall
x1=3565
y1=2159
x2=4564
y2=2815

[Object_13]
type=wall
x1=3590
y1=1980
x2=3782
y2=2643

[Object_14]
type=wall
x1=3429
y1=2181
x2=4206
y2=2409

[Object_15]
type=i_spawn
x1=1160
y1=2445
x2=0
y2=0
item=3

[Object_16]
type=e_spawn
x1=1400
y1=2445
x2=0
y2=0
enemy=0

[Object_17]
type=e_spawn
x1=1220
y1=2445
x2=0
y2=0
enemy=0

[Object_18]
type=e_spawn
x1=1220
y1=2445
x2=0
y2=0
enemy=0

[Object_19]
type=e_spawn
x1=972
y1=1085
x2=0
y2=0
enemy=0

[Object_20]
type=e_spawn
x1=1354
y1=330
x2=0
y2=0
enemy=1

[Object_21]
type=e_spawn
x1=1454
y1=330
x2=0
y2=0
enemy=1

[Object_22]
type=e_spawn
x1=2420
y1=390
x2=0
y2=0
enemy=0

[Object_23]
type=e_spawn
x1=3337
y1=420
x2=0
y2=0
enemy=1

[Object_24]
type=e_spawn
x1=3337
y1=600
x2=0
y2=0
enemy=1

[Object_25]
type=e_spawn
x1=4800
y1=910
x2=0
y2=0
enemy=0

[Object_26]
type=e_spawn
x1=4340
y1=120
x2=0
y2=0
enemy=1

[Object_27]
type=e_spawn
x1=72
y1=2000
x2=0
y2=0
enemy=1

[Object_28]
type=e_spawn
x1=1400
y1=200
x2=0
y2=0
enemy=0

[Object_29]
type=e_spawn
x1=1220
y1=2445
x2=0
y2=0
enemy=0

[Object_30]
type=e_spawn
x1=3350
y1=2560
x2=0
y2=0
enemy=0

[Object_31]
type=e_spawn
x1=4000
y1=3000
x2=0
y2=0
enemy=1

[Object_32]
type=e_spawn
x1=300
y1=4000
x2=0
y2=0
enemy=0

[Object_33]
type=e_spawn
x1=4700
y1=4000
x2=0
y2=0
enemy=0

[Object_34]
type=e_spawn
x1=2425
y1=3000
x2=0
y2=0
enemy=1

[Object_35]
type=e_spawn
x1=400
y1=3000
x2=0
y2=0
enemy=1

[Object_36]
type=e_spawn
x1=2400
y1=4000
x2=0
y2=0
enemy=3
hp=10

[Object_37]
type=i_spawn
x1=100
y1=100
x2=0
y2=0
item=8
