#nutne upravovat hodnotu map_objects, podla toho kolko tu je objektov
#kazdy objekt saa vola "objekt_" a k tomu jeho poradove cislo, ktore je <= map_objects, nesmu sa vynechavat cisla
#objekty mozu byt typu : 
# wall    - stena, potrebuje 4 suradnice
# p_spawn - kde s spawne hrac - su to x1, a y1, ale x2 i y2 musia mat nejaku ciselnu hodnotu, bo osm bol liny pridat dalsi if xD
# e_spawn - task isto ako p_spawn akurat pre enemy, musi obsahovat premennu "enemy" s hodnotou ktora urci ci je to kacka s mecom abo vybusninou
# i_spawn - tak ako predtym, akurat pre itemy, polozka "item" urcuje o aky item ide

#itemy -> enum{ab_TELEPORT = 0, ab_ATTACK_PLUVANCE, ab_BRICK, ab_AUTO_SUPACKA, ab_TEST_JUP, ab_KLINCE}
#enemy -> enum{C4KACK = 0, MELEKACK, DICK_BUTT}

[Map]
map=1
map_objects=30

[Object_1]
type=wall
x1=1504
y1=469
x2=1702
y2=871

[Object_2]
type=wall
x1=1412
y1=672
x2=1814
y2=870

[Object_3]
type=wall
x1=1504
y1=472
x2=1911
y2=671

[Object_4]
type=wall
x1=1617
y1=473
x2=1815
y2=879

[Object_5]
type=wall
x1=97
y1=1369
x2=295
y2=1567

[Object_6]
type=wall
x1=229
y1=1577
x2=427
y2=1775

[Object_7]
type=wall
x1=229
y1=1369
x2=295
y2=1775

[Object_8]
type=wall
x1=73
y1=1893
x2=271
y2=2091

[Object_9]
type=wall
x1=189
y1=2395
x2=391
y2=2797

[Object_10]
type=wall
x1=1264
y1=1088
x2=2209
y2=2962

[Object_11]
type=wall
x1=3292
y1=3373
x2=3414
y2=3454

[Object_12]
type=wall
x1=4697
y1=3390
x2=4810
y2=3480

[Object_13]
type=wall
x1=6215
y1=3404
x2=6335
y2=3488

[Object_14]
type=wall
x1=7666
y1=3386
x2=7786
y2=3476

[Object_15]
type=wall
x1=3449
y1=1313
x2=4317
y2=2553

[Object_16]
type=wall
x1=4791
y1=1135
x2=6073
y2=2005

[Object_17]
type=wall
x1=5143
y1=1135
x2=6083
y2=2613

[Object_18]
type=wall
x1=6166
y1=3857
x2=8096
y2=4224

[Object_19]
type=wall
x1=6479
y1=1792
x2=6941
y2=2160

[Object_20]
type=wall
x1=6479
y1=1792
x2=6701
y2=2598

[Object_21]
type=wall
x1=7836
y1=1776
x2=8058
y2=2581

[Object_22]
type=wall
x1=6627
y1=1123
x2=7564
y2=1710

[Object_23]
type=wall
x1=3521
y1=3893
x2=4541
y2=4086

[Object_24]
type=wall
x1=1279
y1=3133
x2=1580
y2=3285

[Object_25]
type=wall
x1=1905
y1=3212
x2=2057
y2=3516

[Object_26]
type=wall
x1=2648
y1=2802
x2=5274
y2=3252

[Object_27]
type=wall
x1=2632
y1=0
x2=3187
y2=3252


[Object_28]
type=wall
x1=2632
y1=0
x2=10609
y2=1064


[Object_29]
type=wall
x1=8158
y1=0
x2=10609
y2=4225

[Object_30]
type=wall
x1=5804
y1=2789
x2=10609
y2=3268
